[INFO] Scanning for projects...
[INFO] 
[INFO] ----------------------< com.spring:Revisebackend >----------------------
[INFO] Building Revisebackend 0.0.1-SNAPSHOT
[INFO]   from pom.xml
[INFO] --------------------------------[ jar ]---------------------------------
[INFO] 
[INFO] --- jacoco:0.8.12:prepare-agent (default) @ Revisebackend ---
[INFO] argLine set to -javaagent:C:\\Users\\LOQ\\.m2\\repository\\org\\jacoco\\org.jacoco.agent\\0.8.12\\org.jacoco.agent-0.8.12-runtime.jar=destfile=D:\\IdeaProjects\\Revisebackend\\target\\jacoco.exec
[INFO] 
[INFO] --- resources:3.3.1:resources (default-resources) @ Revisebackend ---
[INFO] Copying 1 resource from src\main\resources to target\classes
[INFO] Copying 2 resources from src\main\resources to target\classes
[INFO] 
[INFO] --- compiler:3.14.1:compile (default-compile) @ Revisebackend ---
[INFO] Nothing to compile - all classes are up to date.
[INFO] 
[INFO] --- resources:3.3.1:testResources (default-testResources) @ Revisebackend ---
[INFO] skip non existing resourceDirectory D:\IdeaProjects\Revisebackend\src\test\resources
[INFO] 
[INFO] --- compiler:3.14.1:testCompile (default-testCompile) @ Revisebackend ---
[INFO] Recompiling the module because of changed source code.
[INFO] Compiling 8 source files with javac [debug parameters release 23] to target\test-classes
[INFO] -------------------------------------------------------------
[ERROR] COMPILATION ERROR : 
[INFO] -------------------------------------------------------------
[ERROR] /D:/IdeaProjects/Revisebackend/src/test/java/com/spring/testing/controller/StudentControllerTest.java:[3,38] package com.fasterxml.jackson.databind does not exist
[ERROR] /D:/IdeaProjects/Revisebackend/src/test/java/com/spring/testing/controller/StudentControllerTest.java:[10,63] package org.springframework.boot.test.autoconfigure.web.servlet does not exist
[ERROR] /D:/IdeaProjects/Revisebackend/src/test/java/com/spring/testing/controller/StudentControllerTest.java:[23,2] cannot find symbol
  symbol: class WebMvcTest
[ERROR] /D:/IdeaProjects/Revisebackend/src/test/java/com/spring/testing/controller/StudentControllerTest.java:[33,13] cannot find symbol
  symbol:   class ObjectMapper
  location: class com.spring.testing.controller.StudentControllerTest
[ERROR] /D:/IdeaProjects/Revisebackend/src/test/java/com/spring/testing/integration/StudentIntegrationTest.java:[10,48] package org.springframework.boot.test.web.client does not exist
[ERROR] /D:/IdeaProjects/Revisebackend/src/test/java/com/spring/testing/integration/StudentIntegrationTest.java:[24,13] cannot find symbol
  symbol:   class TestRestTemplate
  location: class com.spring.testing.integration.StudentIntegrationTest
[ERROR] /D:/IdeaProjects/Revisebackend/src/test/java/com/spring/testing/repository/StudentRepositoryTest.java:[7,59] package org.springframework.boot.test.autoconfigure.orm.jpa does not exist
[ERROR] /D:/IdeaProjects/Revisebackend/src/test/java/com/spring/testing/repository/StudentRepositoryTest.java:[14,2] cannot find symbol
  symbol: class DataJpaTest
[INFO] 8 errors 
[INFO] -------------------------------------------------------------
[INFO] ------------------------------------------------------------------------
[INFO] BUILD FAILURE
[INFO] ------------------------------------------------------------------------
[INFO] Total time:  6.311 s
[INFO] Finished at: 2026-07-15T12:14:48+05:30
[INFO] ------------------------------------------------------------------------
[ERROR] Failed to execute goal org.apache.maven.plugins:maven-compiler-plugin:3.14.1:testCompile (default-testCompile) on project Revisebackend: Compilation failure: Compilation failure: 
[ERROR] /D:/IdeaProjects/Revisebackend/src/test/java/com/spring/testing/controller/StudentControllerTest.java:[3,38] package com.fasterxml.jackson.databind does not exist
[ERROR] /D:/IdeaProjects/Revisebackend/src/test/java/com/spring/testing/controller/StudentControllerTest.java:[10,63] package org.springframework.boot.test.autoconfigure.web.servlet does not exist
[ERROR] /D:/IdeaProjects/Revisebackend/src/test/java/com/spring/testing/controller/StudentControllerTest.java:[23,2] cannot find symbol
[ERROR]   symbol: class WebMvcTest
[ERROR] /D:/IdeaProjects/Revisebackend/src/test/java/com/spring/testing/controller/StudentControllerTest.java:[33,13] cannot find symbol
[ERROR]   symbol:   class ObjectMapper
[ERROR]   location: class com.spring.testing.controller.StudentControllerTest
[ERROR] /D:/IdeaProjects/Revisebackend/src/test/java/com/spring/testing/integration/StudentIntegrationTest.java:[10,48] package org.springframework.boot.test.web.client does not exist
[ERROR] /D:/IdeaProjects/Revisebackend/src/test/java/com/spring/testing/integration/StudentIntegrationTest.java:[24,13] cannot find symbol
[ERROR]   symbol:   class TestRestTemplate
[ERROR]   location: class com.spring.testing.integration.StudentIntegrationTest
[ERROR] /D:/IdeaProjects/Revisebackend/src/test/java/com/spring/testing/repository/StudentRepositoryTest.java:[7,59] package org.springframework.boot.test.autoconfigure.orm.jpa does not exist
[ERROR] /D:/IdeaProjects/Revisebackend/src/test/java/com/spring/testing/repository/StudentRepositoryTest.java:[14,2] cannot find symbol
[ERROR]   symbol: class DataJpaTest
[ERROR] -> [Help 1]
[ERROR] 
[ERROR] To see the full stack trace of the errors, re-run Maven with the -e switch.
[ERROR] Re-run Maven using the -X switch to enable full debug logging.
[ERROR] 
[ERROR] For more information about the errors and possible solutions, please read the following articles:
[ERROR] [Help 1] http://cwiki.apache.org/confluence/display/MAVEN/MojoFailureException
